// Jest Snapshot v1, https://goo.gl/fbAQLP

exports[`reducer - SET_COMMENTS 1`] = `
Object {
  "comments": Object {
    "1": Object {
      "id": 1,
    },
    "3": Object {
      "id": 3,
    },
  },
  "posts": Object {
    "entities": Object {},
    "page": 1,
  },
  "users": Object {},
}
`;
